
[1m[46m RUN [49m[22m [36mv4.0.5 [39m[90mC:/Users/usuario/Repositorios GitHub/QuintoSemestre/HabitTrack[39m

[90mstdout[2m | src/services/habito/progressService.test.ts[2m > [22m[2mProgressService[2m > [22m[2mrecordHabitProgress[2m > [22m[2mdeberia registrar progreso y calcular puntos por dificultad (facil)
[22m[39mProgreso actual en obtenerProgresoActual: 0 (del campo progreso).

[90mstdout[2m | src/services/habito/progressService.test.ts[2m > [22m[2mProgressService[2m > [22m[2mrecordHabitProgress[2m > [22m[2mdeberia registrar progreso y calcular puntos por dificultad (facil)
[22m[39mIntentando actualizar registro: {
  idHabito: [32m'habit1'[39m,
  progreso: [33m1[39m,
  cumplido: [33mfalse[39m,
  intervaloMeta: [32m'diario'[39m
}

[90mstdout[2m | src/services/habito/progressService.test.ts[2m > [22m[2mProgressService[2m > [22m[2mrecordHabitProgress[2m > [22m[2mdeberia registrar progreso y calcular puntos por dificultad (facil)
[22m[39mRegistro actualizado: [90mundefined[39m

[90mstdout[2m | src/services/habito/progressService.test.ts[2m > [22m[2mProgressService[2m > [22m[2mrecordHabitProgress[2m > [22m[2mdeberia registrar progreso y calcular puntos por dificultad (facil)
[22m[39mProgreso registrado. La racha se actualizar├í autom├íticamente.

[90mstdout[2m | src/services/habito/progressService.test.ts[2m > [22m[2mProgressService[2m > [22m[2mrecordHabitProgress[2m > [22m[2mdeberia registrar progreso y calcular puntos por dificultad (medio)
[22m[39mProgreso actual en obtenerProgresoActual: 0 (del campo progreso).

[90mstdout[2m | src/services/habito/progressService.test.ts[2m > [22m[2mProgressService[2m > [22m[2mrecordHabitProgress[2m > [22m[2mdeberia registrar progreso y calcular puntos por dificultad (medio)
[22m[39mIntentando actualizar registro: {
  idHabito: [32m'habit1'[39m,
  progreso: [33m1[39m,
  cumplido: [33mfalse[39m,
  intervaloMeta: [32m'diario'[39m
}

[90mstdout[2m | src/services/habito/progressService.test.ts[2m > [22m[2mProgressService[2m > [22m[2mrecordHabitProgress[2m > [22m[2mdeberia registrar progreso y calcular puntos por dificultad (medio)
[22m[39mRegistro actualizado: [90mundefined[39m

[90mstdout[2m | src/services/habito/progressService.test.ts[2m > [22m[2mProgressService[2m > [22m[2mrecordHabitProgress[2m > [22m[2mdeberia registrar progreso y calcular puntos por dificultad (medio)
[22m[39mProgreso registrado. La racha se actualizar├í autom├íticamente.

[90mstdout[2m | src/services/habito/progressService.test.ts[2m > [22m[2mProgressService[2m > [22m[2mrecordHabitProgress[2m > [22m[2mdeberia registrar progreso y calcular puntos por dificultad (dificil)
[22m[39mProgreso actual en obtenerProgresoActual: 0 (del campo progreso).

[90mstdout[2m | src/services/habito/progressService.test.ts[2m > [22m[2mProgressService[2m > [22m[2mrecordHabitProgress[2m > [22m[2mdeberia registrar progreso y calcular puntos por dificultad (dificil)
[22m[39mIntentando actualizar registro: {
  idHabito: [32m'habit1'[39m,
  progreso: [33m1[39m,
  cumplido: [33mfalse[39m,
  intervaloMeta: [32m'diario'[39m
}

[90mstdout[2m | src/services/habito/progressService.test.ts[2m > [22m[2mProgressService[2m > [22m[2mrecordHabitProgress[2m > [22m[2mdeberia registrar progreso y calcular puntos por dificultad (dificil)
[22m[39mRegistro actualizado: [90mundefined[39m

[90mstdout[2m | src/services/habito/progressService.test.ts[2m > [22m[2mProgressService[2m > [22m[2mrecordHabitProgress[2m > [22m[2mdeberia registrar progreso y calcular puntos por dificultad (dificil)
[22m[39mProgreso registrado. La racha se actualizar├í autom├íticamente.

[90mstdout[2m | src/services/habito/progressService.test.ts[2m > [22m[2mProgressService[2m > [22m[2mrecordHabitProgress[2m > [22m[2mdeberia doblar los puntos cuando se completa el h├íbito (facil)
[22m[39mProgreso actual en obtenerProgresoActual: 0 (del campo progreso).

[90mstdout[2m | src/services/habito/progressService.test.ts[2m > [22m[2mProgressService[2m > [22m[2mrecordHabitProgress[2m > [22m[2mdeberia doblar los puntos cuando se completa el h├íbito (facil)
[22m[39mIntentando actualizar registro: {
  idHabito: [32m'habit1'[39m,
  progreso: [33m1[39m,
  cumplido: [33mtrue[39m,
  intervaloMeta: [32m'diario'[39m
}

[90mstdout[2m | src/services/habito/progressService.test.ts[2m > [22m[2mProgressService[2m > [22m[2mrecordHabitProgress[2m > [22m[2mdeberia doblar los puntos cuando se completa el h├íbito (facil)
[22m[39mRegistro actualizado: [90mundefined[39m

[90mstdout[2m | src/services/habito/progressService.test.ts[2m > [22m[2mProgressService[2m > [22m[2mrecordHabitProgress[2m > [22m[2mdeberia doblar los puntos cuando se completa el h├íbito (facil)
[22m[39mProgreso registrado. La racha se actualizar├í autom├íticamente.

[90mstdout[2m | src/services/habito/progressService.test.ts[2m > [22m[2mProgressService[2m > [22m[2mrecordHabitProgress[2m > [22m[2mdeberia doblar los puntos cuando se completa el h├íbito (dificil)
[22m[39mProgreso actual en obtenerProgresoActual: 0 (del campo progreso).

[90mstdout[2m | src/services/habito/progressService.test.ts[2m > [22m[2mProgressService[2m > [22m[2mrecordHabitProgress[2m > [22m[2mdeberia doblar los puntos cuando se completa el h├íbito (dificil)
[22m[39mIntentando actualizar registro: {
  idHabito: [32m'habit1'[39m,
  progreso: [33m1[39m,
  cumplido: [33mtrue[39m,
  intervaloMeta: [32m'diario'[39m
}

[90mstdout[2m | src/services/habito/progressService.test.ts[2m > [22m[2mProgressService[2m > [22m[2mrecordHabitProgress[2m > [22m[2mdeberia doblar los puntos cuando se completa el h├íbito (dificil)
[22m[39mRegistro actualizado: [90mundefined[39m

[90mstdout[2m | src/services/habito/progressService.test.ts[2m > [22m[2mProgressService[2m > [22m[2mrecordHabitProgress[2m > [22m[2mdeberia doblar los puntos cuando se completa el h├íbito (dificil)
[22m[39mProgreso registrado. La racha se actualizar├í autom├íticamente.

[90mstdout[2m | src/services/habito/progressService.test.ts[2m > [22m[2mProgressService[2m > [22m[2mrecordHabitProgress[2m > [22m[2mdeberia retornar error si se intenta superar la meta
[22m[39mProgreso actual en obtenerProgresoActual: 5 (del campo progreso).

[90mstdout[2m | src/services/habito/progressService.test.ts[2m > [22m[2mProgressService[2m > [22m[2mgetHabitCurrentProgress[2m > [22m[2mdeberia obtener el progreso actual del h├íbito
[22m[39mProgreso actual del h├íbito habit1: 3 (del campo progreso).

[90mstdout[2m | src/services/habito/progressService.test.ts[2m > [22m[2mProgressService[2m > [22m[2mgetHabitCurrentProgress[2m > [22m[2mdeberia retornar 0 si no hay registros
[22m[39mProgreso actual del h├íbito habit1: 0 (del campo progreso).

 [32mÔ£ô[39m src/services/habito/progressService.test.ts [2m([22m[2m8 tests[22m[2m)[22m[32m 24[2mms[22m[39m

[2m Test Files [22m [1m[32m1 passed[39m[22m[90m (1)[39m
[2m      Tests [22m [1m[32m8 passed[39m[22m[90m (8)[39m
[2m   Start at [22m 00:30:15
[2m   Duration [22m 2.03s[2m (transform 134ms, setup 250ms, collect 140ms, tests 24ms, environment 1.33s, prepare 26ms)[22m

