src/components/GoogleFitConnection.tsx(3,1): error TS6133: 'DailyStepsData' is declared but its value is never read.
src/core/components/Smartwatch/SmartwatchWidget.tsx(4,1): error TS6133: 'DailyStepsData' is declared but its value is never read.
src/services/googleFit/client.ts(1,1): error TS6133: 'googleFitService' is declared but its value is never read.
src/services/googleFit/client.ts(2,15): error TS6196: 'GoogleFitTokens' is declared but never used.
